#
# There is insufficient memory for the Java Runtime Environment to continue.
# Native memory allocation (mmap) failed to map 260046848 bytes. Error detail: G1 virtual space
# Possible reasons:
#   The system is out of physical RAM or swap space
#   This process is running with CompressedOops enabled, and the Java Heap may be blocking the growth of the native heap
# Possible solutions:
#   Reduce memory load on the system
#   Increase physical memory or swap space
#   Check if swap backing store is full
#   Decrease Java heap size (-Xmx/-Xms)
#   Decrease number of Java threads
#   Decrease Java thread stack sizes (-Xss)
#   Set larger code cache with -XX:ReservedCodeCacheSize=
#   JVM is running with Zero Based Compressed Oops mode in which the Java heap is
#     placed in the first 32GB address space. The Java Heap base address is the
#     maximum limit for the native heap growth. Please use -XX:HeapBaseMinAddress
#     to set the Java Heap base and to place the Java Heap above 32GB virtual address.
# This output file may be truncated or incomplete.
#
#  Out of Memory Error (os_windows.cpp:3686), pid=12148, tid=13416
#
# JRE version:  (21.0.6+7) (build )
# Java VM: OpenJDK 64-Bit Server VM (21.0.6+7-LTS, mixed mode, sharing, tiered, compressed oops, compressed class ptrs, g1 gc, windows-amd64)
# No core dump will be written. Minidumps are not enabled by default on client versions of Windows
#

---------------  S U M M A R Y ------------

Command Line: -javaagent:C:\Program Files\JetBrains\IntelliJ IDEA Community Edition 2025.1.2\lib\idea_rt.jar=56480 -Dfile.encoding=UTF-8 -Dsun.stdout.encoding=UTF-8 -Dsun.stderr.encoding=UTF-8 --module-path=C:\Users\user\Desktop\JavaFx\Practica5\target\classes;C:\Users\user\.m2\repository\org\openjfx\javafx-base\21\javafx-base-21-win.jar;C:\Users\user\.m2\repository\org\openjfx\javafx-graphics\21\javafx-graphics-21-win.jar;C:\Users\user\.m2\repository\org\openjfx\javafx-fxml\21\javafx-fxml-21-win.jar;C:\Users\user\.m2\repository\org\openjfx\javafx-controls\21\javafx-controls-21-win.jar;C:\Users\user\.m2\repository\org\postgresql\postgresql\42.7.1\postgresql-42.7.1.jar -Djdk.module.main=org.example.practica5 org.example.practica5/org.example.practica5.MainApp

Host: AMD Ryzen 7 4800HS with Radeon Graphics        , 16 cores, 15G,  Windows 10 , 64 bit Build 19041 (10.0.19041.5915)
Time: Thu May 21 10:19:03 2026 RTZ 2 (s 10 , 64 bit Build 19041 (10.0.19041.5915) elapsed time: 0.010039 seconds (0d 0h 0m 0s)

---------------  T H R E A D  ---------------

Current thread (0x000001f2d31218e0):  JavaThread "Unknown thread" [_thread_in_vm, id=13416, stack(0x000000e1f1d00000,0x000000e1f1e00000) (1024K)]

Stack: [0x000000e1f1d00000,0x000000e1f1e00000]
Native frames: (J=compiled Java code, j=interpreted, Vv=VM code, C=native code)
V  [jvm.dll+0x6da5e9]
V  [jvm.dll+0x8b6b73]
V  [jvm.dll+0x8b8ece]
V  [jvm.dll+0x8b95b3]
V  [jvm.dll+0x286256]
V  [jvm.dll+0x6d6ea5]
V  [jvm.dll+0x6cabba]
V  [jvm.dll+0x35f57b]
V  [jvm.dll+0x367146]
V  [jvm.dll+0x3b9416]
V  [jvm.dll+0x3b96e8]
V  [jvm.dll+0x332c6c]
V  [jvm.dll+0x33395b]
V  [jvm.dll+0x87ee59]
V  [jvm.dll+0x3c65d1]
V  [jvm.dll+0x868173]
V  [jvm.dll+0x45a4ee]
V  [jvm.dll+0x45c171]
C  [jli.dll+0x52ab]
C  [ucrtbase.dll+0x21bb2]
C  [KERNEL32.DLL+0x17374]
C  [ntdll.dll+0x4cc91]


---------------  P R O C E S S  ---------------

Threads class SMR info:
_java_thread_list=0x00007ffc32caa088, length=0, elements={
}

Java Threads: ( => current thread )
Total: 0

Other Threads:
  0x000001f2d3189770 WorkerThread "GC Thread#0"                     [id=18904, stack(0x000000e1f1e00000,0x000000e1f1f00000) (1024K)]
  0x000001f2d3199e10 ConcurrentGCThread "G1 Main Marker"            [id=17744, stack(0x000000e1f1f00000,0x000000e1f2000000) (1024K)]
  0x000001f2d319aac0 WorkerThread "G1 Conc#0"                       [id=16700, stack(0x000000e1f2000000,0x000000e1f2100000) (1024K)]

[error occurred during error reporting (printing all threads), id 0xc0000005, EXCEPTION_ACCESS_VIOLATION (0xc0000005) at pc=0x00007ffc323a5d27]
VM state: not at safepoint (not fully initialized)

VM Mutex/Monitor currently owned by a thread:  ([mutex/lock_event])
[0x00007ffc32d1e420] Heap_lock - owner thread: 0x000001f2d31218e0

Heap address: 0x0000000709400000, size: 3948 MB, Compressed Oops mode: Zero based, Oop shift amount: 3

CDS archive(s) mapped at: [0x0000000000000000-0x0000000000000000-0x0000000000000000), size 0, SharedBaseAddress: 0x0000000800000000, ArchiveRelocationMode: 1.
Narrow klass base: 0x0000000000000000, Narrow klass shift: 0, Narrow klass range: 0x0

GC Precious Log:
 CardTable entry size: 512
 Card Set container configuration: InlinePtr #cards 4 size 8 Array Of Cards #cards 16 size 48 Howl #buckets 8 coarsen threshold 3686 Howl Bitmap #cards 512 size 80 coarsen threshold 460 Card regions per heap region 1 cards per card region 4096

Heap:
 garbage-first heap   total 0K, used 0K [0x0000000709400000, 0x0000000800000000)
  region size 2048K, 0 young (0K), 0 survivors (0K)

[error occurred during error reporting (printing heap information), id 0xc0000005, EXCEPTION_ACCESS_VIOLATION (0xc0000005) at pc=0x00007ffc32794059]
GC Heap History (0 events):
No events

Dll operation events (1 events):
Event: 0.006 Loaded shared library C:\Users\user\.jdks\corretto-21.0.6\bin\java.dll

Deoptimization events (0 events):
No events

Classes loaded (0 events):
No events

Classes unloaded (0 events):
No events

Classes redefined (0 events):
No events

Internal exceptions (0 events):
No events

ZGC Phase Switch (0 events):
No events

VM Operations (0 events):
No events

Memory protections (0 events):
No events

Nmethod flushes (0 events):
No events

Events (0 events):
No events


Dynamic libraries:
0x00007ff7aba00000 - 0x00007ff7aba0e000 	C:\Users\user\.jdks\corretto-21.0.6\bin\java.exe
0x00007ffc71230000 - 0x00007ffc71428000 	C:\Windows\SYSTEM32\ntdll.dll
0x00007ffc6f430000 - 0x00007ffc6f4f2000 	C:\Windows\System32\KERNEL32.DLL
0x00007ffc6ee70000 - 0x00007ffc6f166000 	C:\Windows\System32\KERNELBASE.dll
0x00007ffc6ea60000 - 0x00007ffc6eb60000 	C:\Windows\System32\ucrtbase.dll
0x00007ffc6acc0000 - 0x00007ffc6acd8000 	C:\Users\user\.jdks\corretto-21.0.6\bin\jli.dll
0x00007ffc6aca0000 - 0x00007ffc6acbb000 	C:\Users\user\.jdks\corretto-21.0.6\bin\VCRUNTIME140.dll
0x00007ffc704b0000 - 0x00007ffc70651000 	C:\Windows\System32\USER32.dll
0x00007ffc6ea30000 - 0x00007ffc6ea52000 	C:\Windows\System32\win32u.dll
0x00007ffc5e550000 - 0x00007ffc5e7eb000 	C:\Windows\WinSxS\amd64_microsoft.windows.common-controls_6595b64144ccf1df_6.0.19041.6456_none_60b8a6cb71f64256\COMCTL32.dll
0x00007ffc703a0000 - 0x00007ffc703cb000 	C:\Windows\System32\GDI32.dll
0x00007ffc6eb60000 - 0x00007ffc6ec79000 	C:\Windows\System32\gdi32full.dll
0x00007ffc70030000 - 0x00007ffc700ce000 	C:\Windows\System32\msvcrt.dll
0x00007ffc6e990000 - 0x00007ffc6ea2d000 	C:\Windows\System32\msvcp_win.dll
0x00007ffc70ee0000 - 0x00007ffc70f0f000 	C:\Windows\System32\IMM32.DLL
0x00007ffc6ac90000 - 0x00007ffc6ac9c000 	C:\Users\user\.jdks\corretto-21.0.6\bin\vcruntime140_1.dll
0x00007ffc6a650000 - 0x00007ffc6a6dd000 	C:\Users\user\.jdks\corretto-21.0.6\bin\msvcp140.dll
0x00007ffc32060000 - 0x00007ffc32dff000 	C:\Users\user\.jdks\corretto-21.0.6\bin\server\jvm.dll
0x00007ffc6f910000 - 0x00007ffc6f9c1000 	C:\Windows\System32\ADVAPI32.dll
0x00007ffc6f390000 - 0x00007ffc6f42f000 	C:\Windows\System32\sechost.dll
0x00007ffc70140000 - 0x00007ffc70260000 	C:\Windows\System32\RPCRT4.dll
0x00007ffc6f170000 - 0x00007ffc6f197000 	C:\Windows\System32\bcrypt.dll
0x00007ffc6faf0000 - 0x00007ffc6fb5b000 	C:\Windows\System32\WS2_32.dll
0x00007ffc6e670000 - 0x00007ffc6e6bb000 	C:\Windows\SYSTEM32\POWRPROF.dll
0x00007ffc647c0000 - 0x00007ffc647e7000 	C:\Windows\SYSTEM32\WINMM.dll
0x00007ffc647f0000 - 0x00007ffc647fa000 	C:\Windows\SYSTEM32\VERSION.dll
0x00007ffc6e650000 - 0x00007ffc6e662000 	C:\Windows\SYSTEM32\UMPDC.dll
0x00007ffc6c6e0000 - 0x00007ffc6c6f2000 	C:\Windows\SYSTEM32\kernel.appcore.dll
0x00007ffc6ac80000 - 0x00007ffc6ac8a000 	C:\Users\user\.jdks\corretto-21.0.6\bin\jimage.dll
0x00007ffc66af0000 - 0x00007ffc66cf1000 	C:\Windows\SYSTEM32\DBGHELP.DLL
0x00007ffc429d0000 - 0x00007ffc42a04000 	C:\Windows\SYSTEM32\dbgcore.DLL
0x00007ffc6ec80000 - 0x00007ffc6ed02000 	C:\Windows\System32\bcryptPrimitives.dll
0x00007ffc6ac70000 - 0x00007ffc6ac7e000 	C:\Users\user\.jdks\corretto-21.0.6\bin\instrument.dll
0x00007ffc6ac00000 - 0x00007ffc6ac1f000 	C:\Users\user\.jdks\corretto-21.0.6\bin\java.dll

dbghelp: loaded successfully - version: 4.0.5 - missing functions: none
symbol engine: initialized successfully - sym options: 0x614 - pdb path: .;C:\Users\user\.jdks\corretto-21.0.6\bin;C:\Windows\SYSTEM32;C:\Windows\WinSxS\amd64_microsoft.windows.common-controls_6595b64144ccf1df_6.0.19041.6456_none_60b8a6cb71f64256;C:\Users\user\.jdks\corretto-21.0.6\bin\server

VM Arguments:
jvm_args: -javaagent:C:\Program Files\JetBrains\IntelliJ IDEA Community Edition 2025.1.2\lib\idea_rt.jar=56480 -Dfile.encoding=UTF-8 -Dsun.stdout.encoding=UTF-8 -Dsun.stderr.encoding=UTF-8 --module-path=C:\Users\user\Desktop\JavaFx\Practica5\target\classes;C:\Users\user\.m2\repository\org\openjfx\javafx-base\21\javafx-base-21-win.jar;C:\Users\user\.m2\repository\org\openjfx\javafx-graphics\21\javafx-graphics-21-win.jar;C:\Users\user\.m2\repository\org\openjfx\javafx-fxml\21\javafx-fxml-21-win.jar;C:\Users\user\.m2\repository\org\openjfx\javafx-controls\21\javafx-controls-21-win.jar;C:\Users\user\.m2\repository\org\postgresql\postgresql\42.7.1\postgresql-42.7.1.jar -Djdk.module.main=org.example.practica5 
java_command: org.example.practica5/org.example.practica5.MainApp
java_class_path (initial): C:\Users\user\.m2\repository\org\openjfx\javafx-controls\21\javafx-controls-21.jar;C:\Users\user\.m2\repository\org\openjfx\javafx-graphics\21\javafx-graphics-21.jar;C:\Users\user\.m2\repository\org\openjfx\javafx-base\21\javafx-base-21.jar;C:\Users\user\.m2\repository\org\openjfx\javafx-fxml\21\javafx-fxml-21.jar;C:\Users\user\.m2\repository\org\kordamp\bootstrapfx\bootstrapfx-core\0.4.0\bootstrapfx-core-0.4.0.jar;C:\Users\user\.m2\repository\org\checkerframework\checker-qual\3.41.0\checker-qual-3.41.0.jar
Launcher Type: SUN_STANDARD

[Global flags]
     intx CICompilerCount                          = 12                                        {product} {ergonomic}
     uint ConcGCThreads                            = 3                                         {product} {ergonomic}
     uint G1ConcRefinementThreads                  = 13                                        {product} {ergonomic}
   size_t G1HeapRegionSize                         = 2097152                                   {product} {ergonomic}
    uintx GCDrainStackTargetSize                   = 64                                        {product} {ergonomic}
   size_t InitialHeapSize                          = 260046848                                 {product} {ergonomic}
   size_t MarkStackSize                            = 4194304                                   {product} {ergonomic}
   size_t MaxHeapSize                              = 4139778048                                {product} {ergonomic}
   size_t MinHeapDeltaBytes                        = 2097152                                   {product} {ergonomic}
   size_t MinHeapSize                              = 8388608                                   {product} {ergonomic}
    uintx NonNMethodCodeHeapSize                   = 7602480                                {pd product} {ergonomic}
    uintx NonProfiledCodeHeapSize                  = 122027880                              {pd product} {ergonomic}
    uintx ProfiledCodeHeapSize                     = 122027880                              {pd product} {ergonomic}
    uintx ReservedCodeCacheSize                    = 251658240                              {pd product} {ergonomic}
     bool SegmentedCodeCache                       = true                                      {product} {ergonomic}
   size_t SoftMaxHeapSize                          = 4139778048                             {manageable} {ergonomic}
     bool UseCompressedOops                        = true                           {product lp64_product} {ergonomic}
     bool UseG1GC                                  = true                                      {product} {ergonomic}
     bool UseLargePagesIndividualAllocation        = false                                  {pd product} {ergonomic}

Logging:
Log output configuration:
 #0: stdout all=warning uptime,level,tags foldmultilines=false
 #1: stderr all=off uptime,level,tags foldmultilines=false

Environment Variables:
PATH=C:\Program Files (x86)\NVIDIA Corporation\PhysX\Common;C:\Python313\Scripts\;C:\Python313\;C:\Program Files\Common Files\Oracle\Java\javapath;C:\Program Files\Python312\Scripts\;C:\Program Files\Python312\;C:\Windows\system32;C:\Windows;C:\Windows\System32\Wbem;C:\Windows\System32\WindowsPowerShell\v1.0\;C:\Windows\System32\OpenSSH\;C:\Program Files\Microsoft SQL Server\Client SDK\ODBC\170\Tools\Binn\;C:\Program Files\Microsoft SQL Server\Client SDK\ODBC\110\Tools\Binn\;C:\Program Files (x86)\Microsoft SQL Server\120\Tools\Binn\;C:\Program Files\Microsoft SQL Server\120\Tools\Binn\;C:\Program Files\Microsoft SQL Server\120\DTS\Binn\;C:\Program Files (x86)\Windows Kits\10\Windows Performance Toolkit\;C:\Program Files\Git\cmd;C:\Program Files\nodejs\;C:\ProgramData\chocolatey\bin;C:\Program Files\Microsoft SQL Server\Client SDK\ODBC\130\Tools\Binn\;C:\Program Files (x86)\Microsoft SQL Server\130\Tools\Binn\;C:\Program Files\Microsoft SQL Server\130\Tools\Binn\;C:\Program Files\Microsoft SQL Server\130\DTS\Binn\;C:\composer;C:\Program Files\Memurai\;C:\Program Files\Docker\Docker\resources\bin;C:\Program Files\Go\bin;C:\Program Files\MySQL\MySQL Shell 8.0\bin\;C:\Python313\Scripts\;C:\Python313\;C:\Program Files (x86)\NVIDIA Corporation\PhysX\Common;C:\Program Files\Common Files\Oracle\Java\javapath;C:\Program Files\Python312\Scripts\;C:\Program Files\Python312\;C:\Windows\system32;C:\Windows;C:\Windows\System32\Wbem;C:\Windows\System32\WindowsPowerShell\v1.0\;C:\Windows\System32\OpenSSH\;C:\Program Files\Microsoft SQL Server\Client SDK\ODBC\170\Tools\Binn\;C:\Program Files\Microsoft SQL Server\Client SDK\ODBC\110\Tools\Binn\;C:\Program Files (x86)\Microsoft SQL Server\120\Tools\Binn\;C:\Program Files\Microsoft SQL Server\120\Tools\Binn\;C:\Program Files\Microsoft SQL Server\120\DTS\Binn\;C:\Program Files\Microsoft SQL Server\150\Tools\Binn\;C:\Program Files (x86)\Microsoft SQL Server\150\Tools\Binn\;C:\Program Files (x86)\Microsoft SQL Server\150\DTS\Binn\;C:\Program Files\Microsoft SQL Server\150\DTS\Binn\;C:\Program Files (x86)\Windows Kits\10\Windows Performance Toolkit\;C:\Program Files\Git\cmd;C:\Program Files\dotnet\;C:\Program Files\nodejs\;C:\ProgramData\c;C:\php;C:\Users\user\AppData\Roaming\Composer\vendor\bin;C:\Program Files\JetBrains\PhpStorm 2024.3.5\bin;;C:\Program Files\PostgreSQL\16\bin;C:\Program Files\PostgreSQL\15\bin;C:\Program Files\JetBrains\DataGrip 2024.1.4\bin;;C:\Users\user\go\bin;C:\Users\user\AppData\Local\GvQjveikTWUZdP\;C:\Users\user\AppData\Local\Programs\Microsoft VS Code\bin
USERNAME=ITprog
OS=Windows_NT
PROCESSOR_IDENTIFIER=AMD64 Family 23 Model 96 Stepping 1, AuthenticAMD
TMP=C:\Users\user\AppData\Local\Temp
TEMP=C:\Users\user\AppData\Local\Temp




Periodic native trim disabled

---------------  S Y S T E M  ---------------

OS:
 Windows 10 , 64 bit Build 19041 (10.0.19041.5915)
OS uptime: 0 days 2:20 hours
Hyper-V role detected

CPU: total 16 (initial active 16) (16 cores per cpu, 2 threads per core) family 23 model 96 stepping 1 microcode 0x0, cx8, cmov, fxsr, ht, mmx, 3dnowpref, sse, sse2, sse3, ssse3, sse4a, sse4.1, sse4.2, popcnt, lzcnt, tsc, tscinvbit, avx, avx2, aes, clmul, bmi1, bmi2, adx, sha, fma, vzeroupper, clflush, clflushopt, hv, rdtscp, rdpid, f16c
Processor Information for the first 16 processors :
  Max Mhz: 2901, Current Mhz: 2901, Mhz Limit: 2901

Memory: 4k page, system-wide physical 15790M (3276M free)
TotalPageFile size 15790M (AvailPageFile size 158M)
current process WorkingSet (physical memory assigned to process): 10M, peak: 10M
current process commit charge ("private bytes"): 70M, peak: 318M

vm_info: OpenJDK 64-Bit Server VM (21.0.6+7-LTS) for windows-amd64 JRE (21.0.6+7-LTS), built on 2025-01-07T23:42:01Z by "Administrator" with MS VC++ 16.10 / 16.11 (VS2019)

END.
